[backblue.gif]
[fade.gif]
[index.html]
[ajax.googleapis.com/ajax/libs/jquery/1.8.3/jquery.min.js]
[mepro.in/js/mepro.js]
[mepro.in/index.html]
[mepro.in/images/header-bg.jpg]
[mepro.in/images/mepro_nav.png]
[mepro.in/images/mepro_logo.png]
[mepro.in/images/slider/mepro-slider1.jpg]
[mepro.in/images/slider/mepro-slider2.jpg]
[mepro.in/images/slider/mepro-slider3.jpg]
[mepro.in/images/slider/mepro-slider4.jpg]
[mepro.in/images/map-dot.png]
[mepro.in/images/approvals-bg.jpg]
[mepro.in/images/contact-bg.jpg]
[mepro.in/images/careers-bg.jpg]
[mepro.in/images/map-bg2.jpg]
[mepro.in/images/tablets-bg.jpg]
[mepro.in/images/creams-bg.jpg]
[mepro.in/images/injectables-bg.jpg]
[mepro.in/images/gallery-bg.jpg]
[mepro.in/images/objectives-bg.jpg]
[mepro.in/images/quality-bg.jpg]
[mepro.in/images/overlay.png]
[mepro.in/images/controls.png]
[mepro.in/images/border.png]
[mepro.in/images/loading_background.png]
[mepro.in/images/loading.gif]
[mepro.in/images/ie6/borderTopLeft.png]
[mepro.in/images/ie6/borderTopCenter.png]
[mepro.in/images/ie6/borderTopRight.png]
[mepro.in/images/ie6/borderBottomLeft.png]
[mepro.in/images/ie6/borderBottomCenter.png]
[mepro.in/images/ie6/borderBottomRight.png]
[mepro.in/images/ie6/borderMiddleLeft.png]
[mepro.in/images/ie6/borderMiddleRight.png]
[mepro.in/style.css]
[mepro.in/our-objectives.html]
[mepro.in/our-quality-statement.html]
[mepro.in/plant-overview.html]
[mepro.in/approvals.html]
[mepro.in/images/big/gallery1.jpg]
[mepro.in/images/gallery/gallery1.jpg]
[mepro.in/images/big/gallery2.jpg]
[mepro.in/images/gallery/gallery2.jpg]
[mepro.in/images/big/gallery3.jpg]
[mepro.in/images/gallery/gallery3.jpg]
[mepro.in/images/big/gallery4.jpg]
[mepro.in/images/gallery/gallery4.jpg]
[mepro.in/images/big/gallery5.jpg]
[mepro.in/images/gallery/gallery5.jpg]
[mepro.in/images/big/gallery6.jpg]
[mepro.in/images/gallery/gallery6.jpg]
[mepro.in/images/big/gallery7.jpg]
[mepro.in/images/gallery/gallery7.jpg]
[mepro.in/images/big/gallery8.jpg]
[mepro.in/images/gallery/gallery8.jpg]
[mepro.in/images/big/gallery9.jpg]
[mepro.in/images/gallery/gallery9.jpg]
[mepro.in/images/big/gallery10.jpg]
[mepro.in/images/gallery/gallery10.jpg]
[mepro.in/images/big/gallery12.jpg]
[mepro.in/images/gallery/gallery12.jpg]
[mepro.in/images/big/gallery13.jpg]
[mepro.in/images/gallery/gallery13.jpg]
[mepro.in/images/big/gallery14.jpg]
[mepro.in/images/gallery/gallery14.jpg]
[mepro.in/gallery.html]
[mepro.in/business-development.html]
[mepro.in/tablets-capsules.html]
[mepro.in/creams-ointments.html]
[mepro.in/injectables.html]
[mepro.in/regulatory-affairs.html]
[mepro.in/global-presence.html]
[mepro.in/careers.html]
[mepro.in/contact-us.html]
